// Jest Snapshot v1, https://goo.gl/fbAQLP

exports[`About content test test link 1`] = `[Function]`;
